                              1 ;--------------------------------------------------------
                              2 ; File Created by SDCC : free open source ANSI-C Compiler
                              3 ; Version 4.0.0 #11528 (MINGW64)
                              4 ;--------------------------------------------------------
                              5 	.module BackgroundTiles
                              6 	.optsdcc -mgbz80
                              7 	
                              8 ;--------------------------------------------------------
                              9 ; Public variables in this module
                             10 ;--------------------------------------------------------
                             11 	.globl _BackgroundTiles
                             12 ;--------------------------------------------------------
                             13 ; special function registers
                             14 ;--------------------------------------------------------
                             15 ;--------------------------------------------------------
                             16 ; ram data
                             17 ;--------------------------------------------------------
                             18 	.area _DATA
                             19 ;--------------------------------------------------------
                             20 ; absolute external ram data
                             21 ;--------------------------------------------------------
                             22 	.area _DABS (ABS)
                             23 ;--------------------------------------------------------
                             24 ; global & static initialisations
                             25 ;--------------------------------------------------------
                             26 	.area _HOME
                             27 	.area _GSINIT
                             28 	.area _GSFINAL
                             29 	.area _GSINIT
                             30 ;--------------------------------------------------------
                             31 ; Home
                             32 ;--------------------------------------------------------
                             33 	.area _HOME
                             34 	.area _HOME
                             35 ;--------------------------------------------------------
                             36 ; code
                             37 ;--------------------------------------------------------
                             38 	.area _CODE
                             39 	.area _CODE
   0000                      40 _BackgroundTiles:
   0000 00                   41 	.db #0x00	; 0
   0001 00                   42 	.db #0x00	; 0
   0002 00                   43 	.db #0x00	; 0
   0003 00                   44 	.db #0x00	; 0
   0004 00                   45 	.db #0x00	; 0
   0005 00                   46 	.db #0x00	; 0
   0006 00                   47 	.db #0x00	; 0
   0007 00                   48 	.db #0x00	; 0
   0008 00                   49 	.db #0x00	; 0
   0009 00                   50 	.db #0x00	; 0
   000A 00                   51 	.db #0x00	; 0
   000B 00                   52 	.db #0x00	; 0
   000C 00                   53 	.db #0x00	; 0
   000D 00                   54 	.db #0x00	; 0
   000E 00                   55 	.db #0x00	; 0
   000F 00                   56 	.db #0x00	; 0
   0010 FF                   57 	.db #0xff	; 255
   0011 FF                   58 	.db #0xff	; 255
   0012 F7                   59 	.db #0xf7	; 247
   0013 C8                   60 	.db #0xc8	; 200
   0014 E0                   61 	.db #0xe0	; 224
   0015 88                   62 	.db #0x88	; 136
   0016 DF                   63 	.db #0xdf	; 223
   0017 8F                   64 	.db #0x8f	; 143
   0018 9F                   65 	.db #0x9f	; 159
   0019 F4                   66 	.db #0xf4	; 244
   001A DE                   67 	.db #0xde	; 222
   001B 9B                   68 	.db #0x9b	; 155
   001C DF                   69 	.db #0xdf	; 223
   001D 95                   70 	.db #0x95	; 149
   001E DF                   71 	.db #0xdf	; 223
   001F 9E                   72 	.db #0x9e	; 158
   0020 DF                   73 	.db #0xdf	; 223
   0021 93                   74 	.db #0x93	; 147
   0022 DA                   75 	.db #0xda	; 218
   0023 97                   76 	.db #0x97	; 151
   0024 DA                   77 	.db #0xda	; 218
   0025 97                   78 	.db #0x97	; 151
   0026 DB                   79 	.db #0xdb	; 219
   0027 97                   80 	.db #0x97	; 151
   0028 DB                   81 	.db #0xdb	; 219
   0029 96                   82 	.db #0x96	; 150
   002A DB                   83 	.db #0xdb	; 219
   002B 96                   84 	.db #0x96	; 150
   002C DF                   85 	.db #0xdf	; 223
   002D 92                   86 	.db #0x92	; 146
   002E 9F                   87 	.db #0x9f	; 159
   002F FE                   88 	.db #0xfe	; 254
   0030 DF                   89 	.db #0xdf	; 223
   0031 92                   90 	.db #0x92	; 146
   0032 DB                   91 	.db #0xdb	; 219
   0033 96                   92 	.db #0x96	; 150
   0034 DB                   93 	.db #0xdb	; 219
   0035 96                   94 	.db #0x96	; 150
   0036 DB                   95 	.db #0xdb	; 219
   0037 97                   96 	.db #0x97	; 151
   0038 DB                   97 	.db #0xdb	; 219
   0039 96                   98 	.db #0x96	; 150
   003A DB                   99 	.db #0xdb	; 219
   003B 96                  100 	.db #0x96	; 150
   003C DF                  101 	.db #0xdf	; 223
   003D 92                  102 	.db #0x92	; 146
   003E DF                  103 	.db #0xdf	; 223
   003F 9E                  104 	.db #0x9e	; 158
   0040 DF                  105 	.db #0xdf	; 223
   0041 92                  106 	.db #0x92	; 146
   0042 DB                  107 	.db #0xdb	; 219
   0043 96                  108 	.db #0x96	; 150
   0044 DB                  109 	.db #0xdb	; 219
   0045 96                  110 	.db #0x96	; 150
   0046 DB                  111 	.db #0xdb	; 219
   0047 97                  112 	.db #0x97	; 151
   0048 DB                  113 	.db #0xdb	; 219
   0049 96                  114 	.db #0x96	; 150
   004A DB                  115 	.db #0xdb	; 219
   004B 96                  116 	.db #0x96	; 150
   004C DF                  117 	.db #0xdf	; 223
   004D 92                  118 	.db #0x92	; 146
   004E 9F                  119 	.db #0x9f	; 159
   004F FE                  120 	.db #0xfe	; 254
   0050 DF                  121 	.db #0xdf	; 223
   0051 92                  122 	.db #0x92	; 146
   0052 DB                  123 	.db #0xdb	; 219
   0053 96                  124 	.db #0x96	; 150
   0054 DB                  125 	.db #0xdb	; 219
   0055 96                  126 	.db #0x96	; 150
   0056 DB                  127 	.db #0xdb	; 219
   0057 97                  128 	.db #0x97	; 151
   0058 DB                  129 	.db #0xdb	; 219
   0059 96                  130 	.db #0x96	; 150
   005A DB                  131 	.db #0xdb	; 219
   005B 96                  132 	.db #0x96	; 150
   005C DF                  133 	.db #0xdf	; 223
   005D 92                  134 	.db #0x92	; 146
   005E DF                  135 	.db #0xdf	; 223
   005F 9F                  136 	.db #0x9f	; 159
   0060 DB                  137 	.db #0xdb	; 219
   0061 96                  138 	.db #0x96	; 150
   0062 DF                  139 	.db #0xdf	; 223
   0063 95                  140 	.db #0x95	; 149
   0064 DF                  141 	.db #0xdf	; 223
   0065 9B                  142 	.db #0x9b	; 155
   0066 9F                  143 	.db #0x9f	; 159
   0067 F5                  144 	.db #0xf5	; 245
   0068 DF                  145 	.db #0xdf	; 223
   0069 8F                  146 	.db #0x8f	; 143
   006A E0                  147 	.db #0xe0	; 224
   006B 88                  148 	.db #0x88	; 136
   006C F7                  149 	.db #0xf7	; 247
   006D C8                  150 	.db #0xc8	; 200
   006E FF                  151 	.db #0xff	; 255
   006F FF                  152 	.db #0xff	; 255
   0070 FF                  153 	.db #0xff	; 255
   0071 FF                  154 	.db #0xff	; 255
   0072 FF                  155 	.db #0xff	; 255
   0073 00                  156 	.db #0x00	; 0
   0074 00                  157 	.db #0x00	; 0
   0075 00                  158 	.db #0x00	; 0
   0076 FF                  159 	.db #0xff	; 255
   0077 FF                  160 	.db #0xff	; 255
   0078 FF                  161 	.db #0xff	; 255
   0079 80                  162 	.db #0x80	; 128
   007A C1                  163 	.db #0xc1	; 193
   007B BE                  164 	.db #0xbe	; 190
   007C FF                  165 	.db #0xff	; 255
   007D FF                  166 	.db #0xff	; 255
   007E FF                  167 	.db #0xff	; 255
   007F 88                  168 	.db #0x88	; 136
   0080 DC                  169 	.db #0xdc	; 220
   0081 6B                  170 	.db #0x6b	; 107	'k'
   0082 FF                  171 	.db #0xff	; 255
   0083 BF                  172 	.db #0xbf	; 191
   0084 77                  173 	.db #0x77	; 119	'w'
   0085 D8                  174 	.db #0xd8	; 216
   0086 F9                  175 	.db #0xf9	; 249
   0087 EE                  176 	.db #0xee	; 238
   0088 DD                  177 	.db #0xdd	; 221
   0089 76                  178 	.db #0x76	; 118	'v'
   008A 6F                  179 	.db #0x6f	; 111	'o'
   008B DB                  180 	.db #0xdb	; 219
   008C 77                  181 	.db #0x77	; 119	'w'
   008D CC                  182 	.db #0xcc	; 204
   008E 7F                  183 	.db #0x7f	; 127
   008F FD                  184 	.db #0xfd	; 253
   0090 7F                  185 	.db #0x7f	; 127
   0091 C5                  186 	.db #0xc5	; 197
   0092 67                  187 	.db #0x67	; 103	'g'
   0093 DD                  188 	.db #0xdd	; 221
   0094 E7                  189 	.db #0xe7	; 231
   0095 5D                  190 	.db #0x5d	; 93
   0096 E7                  191 	.db #0xe7	; 231
   0097 DD                  192 	.db #0xdd	; 221
   0098 E7                  193 	.db #0xe7	; 231
   0099 5D                  194 	.db #0x5d	; 93
   009A 67                  195 	.db #0x67	; 103	'g'
   009B DD                  196 	.db #0xdd	; 221
   009C 77                  197 	.db #0x77	; 119	'w'
   009D CD                  198 	.db #0xcd	; 205
   009E 7F                  199 	.db #0x7f	; 127
   009F FD                  200 	.db #0xfd	; 253
   00A0 7F                  201 	.db #0x7f	; 127
   00A1 C5                  202 	.db #0xc5	; 197
   00A2 67                  203 	.db #0x67	; 103	'g'
   00A3 DD                  204 	.db #0xdd	; 221
   00A4 E7                  205 	.db #0xe7	; 231
   00A5 5D                  206 	.db #0x5d	; 93
   00A6 E7                  207 	.db #0xe7	; 231
   00A7 DD                  208 	.db #0xdd	; 221
   00A8 E7                  209 	.db #0xe7	; 231
   00A9 5D                  210 	.db #0x5d	; 93
   00AA 67                  211 	.db #0x67	; 103	'g'
   00AB DD                  212 	.db #0xdd	; 221
   00AC 77                  213 	.db #0x77	; 119	'w'
   00AD CD                  214 	.db #0xcd	; 205
   00AE 7F                  215 	.db #0x7f	; 127
   00AF FD                  216 	.db #0xfd	; 253
   00B0 7F                  217 	.db #0x7f	; 127
   00B1 C5                  218 	.db #0xc5	; 197
   00B2 67                  219 	.db #0x67	; 103	'g'
   00B3 DC                  220 	.db #0xdc	; 220
   00B4 EF                  221 	.db #0xef	; 239
   00B5 5B                  222 	.db #0x5b	; 91
   00B6 DC                  223 	.db #0xdc	; 220
   00B7 F7                  224 	.db #0xf7	; 247
   00B8 FB                  225 	.db #0xfb	; 251
   00B9 6C                  226 	.db #0x6c	; 108	'l'
   00BA F7                  227 	.db #0xf7	; 247
   00BB 58                  228 	.db #0x58	; 88	'X'
   00BC FF                  229 	.db #0xff	; 255
   00BD BF                  230 	.db #0xbf	; 191
   00BE D8                  231 	.db #0xd8	; 216
   00BF 77                  232 	.db #0x77	; 119	'w'
   00C0 9F                  233 	.db #0x9f	; 159
   00C1 F0                  234 	.db #0xf0	; 240
   00C2 FF                  235 	.db #0xff	; 255
   00C3 FF                  236 	.db #0xff	; 255
   00C4 81                  237 	.db #0x81	; 129
   00C5 7E                  238 	.db #0x7e	; 126
   00C6 FF                  239 	.db #0xff	; 255
   00C7 00                  240 	.db #0x00	; 0
   00C8 FF                  241 	.db #0xff	; 255
   00C9 FF                  242 	.db #0xff	; 255
   00CA 00                  243 	.db #0x00	; 0
   00CB 00                  244 	.db #0x00	; 0
   00CC FF                  245 	.db #0xff	; 255
   00CD 00                  246 	.db #0x00	; 0
   00CE FF                  247 	.db #0xff	; 255
   00CF FF                  248 	.db #0xff	; 255
   00D0 FF                  249 	.db #0xff	; 255
   00D1 FF                  250 	.db #0xff	; 255
   00D2 7F                  251 	.db #0x7f	; 127
   00D3 80                  252 	.db #0x80	; 128
   00D4 00                  253 	.db #0x00	; 0
   00D5 80                  254 	.db #0x80	; 128
   00D6 FF                  255 	.db #0xff	; 255
   00D7 FF                  256 	.db #0xff	; 255
   00D8 FF                  257 	.db #0xff	; 255
   00D9 80                  258 	.db #0x80	; 128
   00DA C1                  259 	.db #0xc1	; 193
   00DB BE                  260 	.db #0xbe	; 190
   00DC FF                  261 	.db #0xff	; 255
   00DD FF                  262 	.db #0xff	; 255
   00DE FF                  263 	.db #0xff	; 255
   00DF 08                  264 	.db #0x08	; 8
   00E0 1C                  265 	.db #0x1c	; 28
   00E1 EB                  266 	.db #0xeb	; 235
   00E2 FF                  267 	.db #0xff	; 255
   00E3 FF                  268 	.db #0xff	; 255
   00E4 FF                  269 	.db #0xff	; 255
   00E5 80                  270 	.db #0x80	; 128
   00E6 C1                  271 	.db #0xc1	; 193
   00E7 BE                  272 	.db #0xbe	; 190
   00E8 81                  273 	.db #0x81	; 129
   00E9 FE                  274 	.db #0xfe	; 254
   00EA FF                  275 	.db #0xff	; 255
   00EB FF                  276 	.db #0xff	; 255
   00EC FF                  277 	.db #0xff	; 255
   00ED 00                  278 	.db #0x00	; 0
   00EE FF                  279 	.db #0xff	; 255
   00EF FF                  280 	.db #0xff	; 255
   00F0 FF                  281 	.db #0xff	; 255
   00F1 FF                  282 	.db #0xff	; 255
   00F2 FF                  283 	.db #0xff	; 255
   00F3 00                  284 	.db #0x00	; 0
   00F4 00                  285 	.db #0x00	; 0
   00F5 00                  286 	.db #0x00	; 0
   00F6 FF                  287 	.db #0xff	; 255
   00F7 FF                  288 	.db #0xff	; 255
   00F8 FF                  289 	.db #0xff	; 255
   00F9 80                  290 	.db #0x80	; 128
   00FA C1                  291 	.db #0xc1	; 193
   00FB BE                  292 	.db #0xbe	; 190
   00FC FF                  293 	.db #0xff	; 255
   00FD FF                  294 	.db #0xff	; 255
   00FE FF                  295 	.db #0xff	; 255
   00FF 08                  296 	.db #0x08	; 8
   0100 1C                  297 	.db #0x1c	; 28
   0101 EB                  298 	.db #0xeb	; 235
   0102 FF                  299 	.db #0xff	; 255
   0103 FF                  300 	.db #0xff	; 255
   0104 FF                  301 	.db #0xff	; 255
   0105 80                  302 	.db #0x80	; 128
   0106 C1                  303 	.db #0xc1	; 193
   0107 BE                  304 	.db #0xbe	; 190
   0108 81                  305 	.db #0x81	; 129
   0109 FE                  306 	.db #0xfe	; 254
   010A FF                  307 	.db #0xff	; 255
   010B FF                  308 	.db #0xff	; 255
   010C FF                  309 	.db #0xff	; 255
   010D 00                  310 	.db #0x00	; 0
   010E FF                  311 	.db #0xff	; 255
   010F FF                  312 	.db #0xff	; 255
   0110 FF                  313 	.db #0xff	; 255
   0111 FF                  314 	.db #0xff	; 255
   0112 7F                  315 	.db #0x7f	; 127
   0113 80                  316 	.db #0x80	; 128
   0114 00                  317 	.db #0x00	; 0
   0115 80                  318 	.db #0x80	; 128
   0116 FF                  319 	.db #0xff	; 255
   0117 FF                  320 	.db #0xff	; 255
   0118 FF                  321 	.db #0xff	; 255
   0119 81                  322 	.db #0x81	; 129
   011A C3                  323 	.db #0xc3	; 195
   011B BD                  324 	.db #0xbd	; 189
   011C FF                  325 	.db #0xff	; 255
   011D FF                  326 	.db #0xff	; 255
   011E FF                  327 	.db #0xff	; 255
   011F 11                  328 	.db #0x11	; 17
   0120 FF                  329 	.db #0xff	; 255
   0121 FF                  330 	.db #0xff	; 255
   0122 EF                  331 	.db #0xef	; 239
   0123 13                  332 	.db #0x13	; 19
   0124 07                  333 	.db #0x07	; 7
   0125 11                  334 	.db #0x11	; 17
   0126 FB                  335 	.db #0xfb	; 251
   0127 F1                  336 	.db #0xf1	; 241
   0128 F9                  337 	.db #0xf9	; 249
   0129 2F                  338 	.db #0x2f	; 47
   012A 7B                  339 	.db #0x7b	; 123
   012B D9                  340 	.db #0xd9	; 217
   012C FB                  341 	.db #0xfb	; 251
   012D A9                  342 	.db #0xa9	; 169
   012E FB                  343 	.db #0xfb	; 251
   012F 79                  344 	.db #0x79	; 121	'y'
   0130 3B                  345 	.db #0x3b	; 59
   0131 D6                  346 	.db #0xd6	; 214
   0132 FF                  347 	.db #0xff	; 255
   0133 FD                  348 	.db #0xfd	; 253
   0134 EE                  349 	.db #0xee	; 238
   0135 1B                  350 	.db #0x1b	; 27
   0136 9F                  351 	.db #0x9f	; 159
   0137 77                  352 	.db #0x77	; 119	'w'
   0138 BB                  353 	.db #0xbb	; 187
   0139 6E                  354 	.db #0x6e	; 110	'n'
   013A F6                  355 	.db #0xf6	; 246
   013B DB                  356 	.db #0xdb	; 219
   013C EE                  357 	.db #0xee	; 238
   013D 33                  358 	.db #0x33	; 51	'3'
   013E FE                  359 	.db #0xfe	; 254
   013F BF                  360 	.db #0xbf	; 191
   0140 FB                  361 	.db #0xfb	; 251
   0141 C9                  362 	.db #0xc9	; 201
   0142 5B                  363 	.db #0x5b	; 91
   0143 E9                  364 	.db #0xe9	; 233
   0144 5B                  365 	.db #0x5b	; 91
   0145 E9                  366 	.db #0xe9	; 233
   0146 DB                  367 	.db #0xdb	; 219
   0147 E9                  368 	.db #0xe9	; 233
   0148 DB                  369 	.db #0xdb	; 219
   0149 69                  370 	.db #0x69	; 105	'i'
   014A DB                  371 	.db #0xdb	; 219
   014B 69                  372 	.db #0x69	; 105	'i'
   014C FB                  373 	.db #0xfb	; 251
   014D 49                  374 	.db #0x49	; 73	'I'
   014E F9                  375 	.db #0xf9	; 249
   014F 7F                  376 	.db #0x7f	; 127
   0150 EE                  377 	.db #0xee	; 238
   0151 B3                  378 	.db #0xb3	; 179
   0152 E6                  379 	.db #0xe6	; 230
   0153 BB                  380 	.db #0xbb	; 187
   0154 E7                  381 	.db #0xe7	; 231
   0155 BA                  382 	.db #0xba	; 186
   0156 E7                  383 	.db #0xe7	; 231
   0157 BB                  384 	.db #0xbb	; 187
   0158 E7                  385 	.db #0xe7	; 231
   0159 BA                  386 	.db #0xba	; 186
   015A E6                  387 	.db #0xe6	; 230
   015B BB                  388 	.db #0xbb	; 187
   015C FE                  389 	.db #0xfe	; 254
   015D A3                  390 	.db #0xa3	; 163
   015E FE                  391 	.db #0xfe	; 254
   015F BF                  392 	.db #0xbf	; 191
   0160 EE                  393 	.db #0xee	; 238
   0161 B3                  394 	.db #0xb3	; 179
   0162 E6                  395 	.db #0xe6	; 230
   0163 BB                  396 	.db #0xbb	; 187
   0164 E7                  397 	.db #0xe7	; 231
   0165 BA                  398 	.db #0xba	; 186
   0166 E7                  399 	.db #0xe7	; 231
   0167 BB                  400 	.db #0xbb	; 187
   0168 E7                  401 	.db #0xe7	; 231
   0169 BA                  402 	.db #0xba	; 186
   016A E6                  403 	.db #0xe6	; 230
   016B BB                  404 	.db #0xbb	; 187
   016C FE                  405 	.db #0xfe	; 254
   016D A3                  406 	.db #0xa3	; 163
   016E FE                  407 	.db #0xfe	; 254
   016F BF                  408 	.db #0xbf	; 191
   0170 FB                  409 	.db #0xfb	; 251
   0171 49                  410 	.db #0x49	; 73	'I'
   0172 DB                  411 	.db #0xdb	; 219
   0173 69                  412 	.db #0x69	; 105	'i'
   0174 DB                  413 	.db #0xdb	; 219
   0175 69                  414 	.db #0x69	; 105	'i'
   0176 DB                  415 	.db #0xdb	; 219
   0177 E9                  416 	.db #0xe9	; 233
   0178 DB                  417 	.db #0xdb	; 219
   0179 69                  418 	.db #0x69	; 105	'i'
   017A DB                  419 	.db #0xdb	; 219
   017B 69                  420 	.db #0x69	; 105	'i'
   017C FB                  421 	.db #0xfb	; 251
   017D 49                  422 	.db #0x49	; 73	'I'
   017E FB                  423 	.db #0xfb	; 251
   017F 79                  424 	.db #0x79	; 121	'y'
   0180 FB                  425 	.db #0xfb	; 251
   0181 49                  426 	.db #0x49	; 73	'I'
   0182 DB                  427 	.db #0xdb	; 219
   0183 69                  428 	.db #0x69	; 105	'i'
   0184 DB                  429 	.db #0xdb	; 219
   0185 69                  430 	.db #0x69	; 105	'i'
   0186 DB                  431 	.db #0xdb	; 219
   0187 E9                  432 	.db #0xe9	; 233
   0188 DB                  433 	.db #0xdb	; 219
   0189 69                  434 	.db #0x69	; 105	'i'
   018A DB                  435 	.db #0xdb	; 219
   018B 69                  436 	.db #0x69	; 105	'i'
   018C FB                  437 	.db #0xfb	; 251
   018D 49                  438 	.db #0x49	; 73	'I'
   018E F9                  439 	.db #0xf9	; 249
   018F 7F                  440 	.db #0x7f	; 127
   0190 FE                  441 	.db #0xfe	; 254
   0191 A3                  442 	.db #0xa3	; 163
   0192 E6                  443 	.db #0xe6	; 230
   0193 3B                  444 	.db #0x3b	; 59
   0194 F7                  445 	.db #0xf7	; 247
   0195 DA                  446 	.db #0xda	; 218
   0196 BB                  447 	.db #0xbb	; 187
   0197 EF                  448 	.db #0xef	; 239
   0198 DF                  449 	.db #0xdf	; 223
   0199 B6                  450 	.db #0xb6	; 182
   019A EF                  451 	.db #0xef	; 239
   019B 9A                  452 	.db #0x9a	; 154
   019C FF                  453 	.db #0xff	; 255
   019D FD                  454 	.db #0xfd	; 253
   019E 1B                  455 	.db #0x1b	; 27
   019F EE                  456 	.db #0xee	; 238
   01A0 FB                  457 	.db #0xfb	; 251
   01A1 49                  458 	.db #0x49	; 73	'I'
   01A2 DB                  459 	.db #0xdb	; 219
   01A3 69                  460 	.db #0x69	; 105	'i'
   01A4 DB                  461 	.db #0xdb	; 219
   01A5 69                  462 	.db #0x69	; 105	'i'
   01A6 DB                  463 	.db #0xdb	; 219
   01A7 E9                  464 	.db #0xe9	; 233
   01A8 DB                  465 	.db #0xdb	; 219
   01A9 69                  466 	.db #0x69	; 105	'i'
   01AA DB                  467 	.db #0xdb	; 219
   01AB 69                  468 	.db #0x69	; 105	'i'
   01AC FB                  469 	.db #0xfb	; 251
   01AD 49                  470 	.db #0x49	; 73	'I'
   01AE FB                  471 	.db #0xfb	; 251
   01AF F9                  472 	.db #0xf9	; 249
   01B0 F9                  473 	.db #0xf9	; 249
   01B1 0F                  474 	.db #0x0f	; 15
   01B2 FF                  475 	.db #0xff	; 255
   01B3 FF                  476 	.db #0xff	; 255
   01B4 C1                  477 	.db #0xc1	; 193
   01B5 BE                  478 	.db #0xbe	; 190
   01B6 FF                  479 	.db #0xff	; 255
   01B7 80                  480 	.db #0x80	; 128
   01B8 FF                  481 	.db #0xff	; 255
   01B9 FF                  482 	.db #0xff	; 255
   01BA 00                  483 	.db #0x00	; 0
   01BB 80                  484 	.db #0x80	; 128
   01BC 7F                  485 	.db #0x7f	; 127
   01BD 80                  486 	.db #0x80	; 128
   01BE FF                  487 	.db #0xff	; 255
   01BF FF                  488 	.db #0xff	; 255
   01C0 DB                  489 	.db #0xdb	; 219
   01C1 69                  490 	.db #0x69	; 105	'i'
   01C2 FB                  491 	.db #0xfb	; 251
   01C3 A9                  492 	.db #0xa9	; 169
   01C4 FB                  493 	.db #0xfb	; 251
   01C5 D9                  494 	.db #0xd9	; 217
   01C6 F9                  495 	.db #0xf9	; 249
   01C7 AF                  496 	.db #0xaf	; 175
   01C8 FB                  497 	.db #0xfb	; 251
   01C9 F1                  498 	.db #0xf1	; 241
   01CA 07                  499 	.db #0x07	; 7
   01CB 11                  500 	.db #0x11	; 17
   01CC EF                  501 	.db #0xef	; 239
   01CD 13                  502 	.db #0x13	; 19
   01CE FF                  503 	.db #0xff	; 255
   01CF FF                  504 	.db #0xff	; 255
   01D0 FF                  505 	.db #0xff	; 255
   01D1 FF                  506 	.db #0xff	; 255
   01D2 FF                  507 	.db #0xff	; 255
   01D3 00                  508 	.db #0x00	; 0
   01D4 FF                  509 	.db #0xff	; 255
   01D5 FF                  510 	.db #0xff	; 255
   01D6 C0                  511 	.db #0xc0	; 192
   01D7 BF                  512 	.db #0xbf	; 191
   01D8 C1                  513 	.db #0xc1	; 193
   01D9 BE                  514 	.db #0xbe	; 190
   01DA FF                  515 	.db #0xff	; 255
   01DB 80                  516 	.db #0x80	; 128
   01DC FF                  517 	.db #0xff	; 255
   01DD FF                  518 	.db #0xff	; 255
   01DE 1C                  519 	.db #0x1c	; 28
   01DF EB                  520 	.db #0xeb	; 235
   01E0 FF                  521 	.db #0xff	; 255
   01E1 08                  522 	.db #0x08	; 8
   01E2 FF                  523 	.db #0xff	; 255
   01E3 FF                  524 	.db #0xff	; 255
   01E4 C1                  525 	.db #0xc1	; 193
   01E5 BE                  526 	.db #0xbe	; 190
   01E6 FF                  527 	.db #0xff	; 255
   01E7 80                  528 	.db #0x80	; 128
   01E8 FF                  529 	.db #0xff	; 255
   01E9 FF                  530 	.db #0xff	; 255
   01EA 00                  531 	.db #0x00	; 0
   01EB 80                  532 	.db #0x80	; 128
   01EC 7F                  533 	.db #0x7f	; 127
   01ED 80                  534 	.db #0x80	; 128
   01EE FF                  535 	.db #0xff	; 255
   01EF FF                  536 	.db #0xff	; 255
   01F0 FF                  537 	.db #0xff	; 255
   01F1 FF                  538 	.db #0xff	; 255
   01F2 FF                  539 	.db #0xff	; 255
   01F3 00                  540 	.db #0x00	; 0
   01F4 FF                  541 	.db #0xff	; 255
   01F5 FF                  542 	.db #0xff	; 255
   01F6 C0                  543 	.db #0xc0	; 192
   01F7 BF                  544 	.db #0xbf	; 191
   01F8 C1                  545 	.db #0xc1	; 193
   01F9 BE                  546 	.db #0xbe	; 190
   01FA FF                  547 	.db #0xff	; 255
   01FB 80                  548 	.db #0x80	; 128
   01FC FF                  549 	.db #0xff	; 255
   01FD FF                  550 	.db #0xff	; 255
   01FE 1C                  551 	.db #0x1c	; 28
   01FF EB                  552 	.db #0xeb	; 235
   0200 FF                  553 	.db #0xff	; 255
   0201 08                  554 	.db #0x08	; 8
   0202 FF                  555 	.db #0xff	; 255
   0203 FF                  556 	.db #0xff	; 255
   0204 C1                  557 	.db #0xc1	; 193
   0205 BE                  558 	.db #0xbe	; 190
   0206 FF                  559 	.db #0xff	; 255
   0207 80                  560 	.db #0x80	; 128
   0208 FF                  561 	.db #0xff	; 255
   0209 FF                  562 	.db #0xff	; 255
   020A 00                  563 	.db #0x00	; 0
   020B 00                  564 	.db #0x00	; 0
   020C FF                  565 	.db #0xff	; 255
   020D 00                  566 	.db #0x00	; 0
   020E FF                  567 	.db #0xff	; 255
   020F FF                  568 	.db #0xff	; 255
   0210 C3                  569 	.db #0xc3	; 195
   0211 BB                  570 	.db #0xbb	; 187
   0212 C1                  571 	.db #0xc1	; 193
   0213 B9                  572 	.db #0xb9	; 185
   0214 C1                  573 	.db #0xc1	; 193
   0215 BD                  574 	.db #0xbd	; 189
   0216 CD                  575 	.db #0xcd	; 205
   0217 BD                  576 	.db #0xbd	; 189
   0218 F0                  577 	.db #0xf0	; 240
   0219 B0                  578 	.db #0xb0	; 176
   021A CF                  579 	.db #0xcf	; 207
   021B 80                  580 	.db #0x80	; 128
   021C FF                  581 	.db #0xff	; 255
   021D 8F                  582 	.db #0x8f	; 143
   021E FF                  583 	.db #0xff	; 255
   021F FF                  584 	.db #0xff	; 255
   0220 C3                  585 	.db #0xc3	; 195
   0221 DD                  586 	.db #0xdd	; 221
   0222 83                  587 	.db #0x83	; 131
   0223 9D                  588 	.db #0x9d	; 157
   0224 83                  589 	.db #0x83	; 131
   0225 BD                  590 	.db #0xbd	; 189
   0226 B3                  591 	.db #0xb3	; 179
   0227 BD                  592 	.db #0xbd	; 189
   0228 0F                  593 	.db #0x0f	; 15
   0229 0D                  594 	.db #0x0d	; 13
   022A F3                  595 	.db #0xf3	; 243
   022B 01                  596 	.db #0x01	; 1
   022C FF                  597 	.db #0xff	; 255
   022D F1                  598 	.db #0xf1	; 241
   022E FF                  599 	.db #0xff	; 255
   022F FF                  600 	.db #0xff	; 255
   0230 FF                  601 	.db #0xff	; 255
   0231 FF                  602 	.db #0xff	; 255
   0232 80                  603 	.db #0x80	; 128
   0233 80                  604 	.db #0x80	; 128
   0234 FF                  605 	.db #0xff	; 255
   0235 80                  606 	.db #0x80	; 128
   0236 E0                  607 	.db #0xe0	; 224
   0237 9F                  608 	.db #0x9f	; 159
   0238 C0                  609 	.db #0xc0	; 192
   0239 BF                  610 	.db #0xbf	; 191
   023A C0                  611 	.db #0xc0	; 192
   023B BF                  612 	.db #0xbf	; 191
   023C C0                  613 	.db #0xc0	; 192
   023D BC                  614 	.db #0xbc	; 188
   023E C3                  615 	.db #0xc3	; 195
   023F BB                  616 	.db #0xbb	; 187
   0240 FF                  617 	.db #0xff	; 255
   0241 FF                  618 	.db #0xff	; 255
   0242 01                  619 	.db #0x01	; 1
   0243 01                  620 	.db #0x01	; 1
   0244 FF                  621 	.db #0xff	; 255
   0245 01                  622 	.db #0x01	; 1
   0246 07                  623 	.db #0x07	; 7
   0247 F9                  624 	.db #0xf9	; 249
   0248 03                  625 	.db #0x03	; 3
   0249 FD                  626 	.db #0xfd	; 253
   024A 03                  627 	.db #0x03	; 3
   024B FD                  628 	.db #0xfd	; 253
   024C 03                  629 	.db #0x03	; 3
   024D 3D                  630 	.db #0x3d	; 61
   024E C3                  631 	.db #0xc3	; 195
   024F DD                  632 	.db #0xdd	; 221
   0250 C3                  633 	.db #0xc3	; 195
   0251 BB                  634 	.db #0xbb	; 187
   0252 C0                  635 	.db #0xc0	; 192
   0253 BC                  636 	.db #0xbc	; 188
   0254 C0                  637 	.db #0xc0	; 192
   0255 BF                  638 	.db #0xbf	; 191
   0256 C0                  639 	.db #0xc0	; 192
   0257 BF                  640 	.db #0xbf	; 191
   0258 E0                  641 	.db #0xe0	; 224
   0259 9F                  642 	.db #0x9f	; 159
   025A FF                  643 	.db #0xff	; 255
   025B 80                  644 	.db #0x80	; 128
   025C 80                  645 	.db #0x80	; 128
   025D 80                  646 	.db #0x80	; 128
   025E FF                  647 	.db #0xff	; 255
   025F FF                  648 	.db #0xff	; 255
   0260 C3                  649 	.db #0xc3	; 195
   0261 DD                  650 	.db #0xdd	; 221
   0262 03                  651 	.db #0x03	; 3
   0263 3D                  652 	.db #0x3d	; 61
   0264 03                  653 	.db #0x03	; 3
   0265 FD                  654 	.db #0xfd	; 253
   0266 03                  655 	.db #0x03	; 3
   0267 FD                  656 	.db #0xfd	; 253
   0268 07                  657 	.db #0x07	; 7
   0269 F9                  658 	.db #0xf9	; 249
   026A FF                  659 	.db #0xff	; 255
   026B 01                  660 	.db #0x01	; 1
   026C 01                  661 	.db #0x01	; 1
   026D 01                  662 	.db #0x01	; 1
   026E FF                  663 	.db #0xff	; 255
   026F FF                  664 	.db #0xff	; 255
   0270 FF                  665 	.db #0xff	; 255
   0271 FF                  666 	.db #0xff	; 255
   0272 FF                  667 	.db #0xff	; 255
   0273 01                  668 	.db #0x01	; 1
   0274 FF                  669 	.db #0xff	; 255
   0275 FF                  670 	.db #0xff	; 255
   0276 C1                  671 	.db #0xc1	; 193
   0277 BF                  672 	.db #0xbf	; 191
   0278 C1                  673 	.db #0xc1	; 193
   0279 BF                  674 	.db #0xbf	; 191
   027A FF                  675 	.db #0xff	; 255
   027B 81                  676 	.db #0x81	; 129
   027C FF                  677 	.db #0xff	; 255
   027D FF                  678 	.db #0xff	; 255
   027E 1D                  679 	.db #0x1d	; 29
   027F EB                  680 	.db #0xeb	; 235
   0280 FF                  681 	.db #0xff	; 255
   0281 09                  682 	.db #0x09	; 9
   0282 FF                  683 	.db #0xff	; 255
   0283 FF                  684 	.db #0xff	; 255
   0284 C1                  685 	.db #0xc1	; 193
   0285 BF                  686 	.db #0xbf	; 191
   0286 FF                  687 	.db #0xff	; 255
   0287 81                  688 	.db #0x81	; 129
   0288 FF                  689 	.db #0xff	; 255
   0289 FF                  690 	.db #0xff	; 255
   028A 01                  691 	.db #0x01	; 1
   028B 81                  692 	.db #0x81	; 129
   028C 7F                  693 	.db #0x7f	; 127
   028D 81                  694 	.db #0x81	; 129
   028E FF                  695 	.db #0xff	; 255
   028F FF                  696 	.db #0xff	; 255
   0290 FF                  697 	.db #0xff	; 255
   0291 FF                  698 	.db #0xff	; 255
   0292 FF                  699 	.db #0xff	; 255
   0293 80                  700 	.db #0x80	; 128
   0294 FF                  701 	.db #0xff	; 255
   0295 FF                  702 	.db #0xff	; 255
   0296 C0                  703 	.db #0xc0	; 192
   0297 BF                  704 	.db #0xbf	; 191
   0298 C1                  705 	.db #0xc1	; 193
   0299 BE                  706 	.db #0xbe	; 190
   029A FF                  707 	.db #0xff	; 255
   029B 80                  708 	.db #0x80	; 128
   029C FF                  709 	.db #0xff	; 255
   029D FF                  710 	.db #0xff	; 255
   029E 9C                  711 	.db #0x9c	; 156
   029F EB                  712 	.db #0xeb	; 235
   02A0 FF                  713 	.db #0xff	; 255
   02A1 88                  714 	.db #0x88	; 136
   02A2 FF                  715 	.db #0xff	; 255
   02A3 FF                  716 	.db #0xff	; 255
   02A4 C1                  717 	.db #0xc1	; 193
   02A5 BE                  718 	.db #0xbe	; 190
   02A6 FF                  719 	.db #0xff	; 255
   02A7 80                  720 	.db #0x80	; 128
   02A8 FF                  721 	.db #0xff	; 255
   02A9 FF                  722 	.db #0xff	; 255
   02AA 80                  723 	.db #0x80	; 128
   02AB 80                  724 	.db #0x80	; 128
   02AC FF                  725 	.db #0xff	; 255
   02AD 80                  726 	.db #0x80	; 128
   02AE FF                  727 	.db #0xff	; 255
   02AF FF                  728 	.db #0xff	; 255
   02B0 FF                  729 	.db #0xff	; 255
   02B1 FF                  730 	.db #0xff	; 255
   02B2 7F                  731 	.db #0x7f	; 127
   02B3 81                  732 	.db #0x81	; 129
   02B4 01                  733 	.db #0x01	; 1
   02B5 81                  734 	.db #0x81	; 129
   02B6 FF                  735 	.db #0xff	; 255
   02B7 FF                  736 	.db #0xff	; 255
   02B8 FF                  737 	.db #0xff	; 255
   02B9 81                  738 	.db #0x81	; 129
   02BA C1                  739 	.db #0xc1	; 193
   02BB BF                  740 	.db #0xbf	; 191
   02BC FF                  741 	.db #0xff	; 255
   02BD FF                  742 	.db #0xff	; 255
   02BE FF                  743 	.db #0xff	; 255
   02BF 09                  744 	.db #0x09	; 9
   02C0 1D                  745 	.db #0x1d	; 29
   02C1 EB                  746 	.db #0xeb	; 235
   02C2 FF                  747 	.db #0xff	; 255
   02C3 FF                  748 	.db #0xff	; 255
   02C4 FF                  749 	.db #0xff	; 255
   02C5 81                  750 	.db #0x81	; 129
   02C6 C1                  751 	.db #0xc1	; 193
   02C7 BF                  752 	.db #0xbf	; 191
   02C8 81                  753 	.db #0x81	; 129
   02C9 FF                  754 	.db #0xff	; 255
   02CA FF                  755 	.db #0xff	; 255
   02CB FF                  756 	.db #0xff	; 255
   02CC FF                  757 	.db #0xff	; 255
   02CD 01                  758 	.db #0x01	; 1
   02CE FF                  759 	.db #0xff	; 255
   02CF FF                  760 	.db #0xff	; 255
   02D0 FF                  761 	.db #0xff	; 255
   02D1 FF                  762 	.db #0xff	; 255
   02D2 FF                  763 	.db #0xff	; 255
   02D3 80                  764 	.db #0x80	; 128
   02D4 80                  765 	.db #0x80	; 128
   02D5 80                  766 	.db #0x80	; 128
   02D6 FF                  767 	.db #0xff	; 255
   02D7 FF                  768 	.db #0xff	; 255
   02D8 FF                  769 	.db #0xff	; 255
   02D9 80                  770 	.db #0x80	; 128
   02DA C1                  771 	.db #0xc1	; 193
   02DB BE                  772 	.db #0xbe	; 190
   02DC FF                  773 	.db #0xff	; 255
   02DD FF                  774 	.db #0xff	; 255
   02DE FF                  775 	.db #0xff	; 255
   02DF 88                  776 	.db #0x88	; 136
   02E0 9C                  777 	.db #0x9c	; 156
   02E1 EB                  778 	.db #0xeb	; 235
   02E2 FF                  779 	.db #0xff	; 255
   02E3 FF                  780 	.db #0xff	; 255
   02E4 FF                  781 	.db #0xff	; 255
   02E5 80                  782 	.db #0x80	; 128
   02E6 C1                  783 	.db #0xc1	; 193
   02E7 BE                  784 	.db #0xbe	; 190
   02E8 81                  785 	.db #0x81	; 129
   02E9 FE                  786 	.db #0xfe	; 254
   02EA FF                  787 	.db #0xff	; 255
   02EB FF                  788 	.db #0xff	; 255
   02EC FF                  789 	.db #0xff	; 255
   02ED 80                  790 	.db #0x80	; 128
   02EE FF                  791 	.db #0xff	; 255
   02EF FF                  792 	.db #0xff	; 255
   02F0 FF                  793 	.db #0xff	; 255
   02F1 FF                  794 	.db #0xff	; 255
   02F2 FF                  795 	.db #0xff	; 255
   02F3 8F                  796 	.db #0x8f	; 143
   02F4 CF                  797 	.db #0xcf	; 207
   02F5 80                  798 	.db #0x80	; 128
   02F6 F0                  799 	.db #0xf0	; 240
   02F7 B0                  800 	.db #0xb0	; 176
   02F8 CD                  801 	.db #0xcd	; 205
   02F9 BD                  802 	.db #0xbd	; 189
   02FA C1                  803 	.db #0xc1	; 193
   02FB BD                  804 	.db #0xbd	; 189
   02FC C1                  805 	.db #0xc1	; 193
   02FD B9                  806 	.db #0xb9	; 185
   02FE C3                  807 	.db #0xc3	; 195
   02FF BB                  808 	.db #0xbb	; 187
   0300 FF                  809 	.db #0xff	; 255
   0301 FF                  810 	.db #0xff	; 255
   0302 FF                  811 	.db #0xff	; 255
   0303 F1                  812 	.db #0xf1	; 241
   0304 F3                  813 	.db #0xf3	; 243
   0305 01                  814 	.db #0x01	; 1
   0306 0F                  815 	.db #0x0f	; 15
   0307 0D                  816 	.db #0x0d	; 13
   0308 B3                  817 	.db #0xb3	; 179
   0309 BD                  818 	.db #0xbd	; 189
   030A 83                  819 	.db #0x83	; 131
   030B BD                  820 	.db #0xbd	; 189
   030C 83                  821 	.db #0x83	; 131
   030D 9D                  822 	.db #0x9d	; 157
   030E C3                  823 	.db #0xc3	; 195
   030F DD                  824 	.db #0xdd	; 221
   0310 00                  825 	.db #0x00	; 0
   0311 00                  826 	.db #0x00	; 0
   0312 00                  827 	.db #0x00	; 0
   0313 00                  828 	.db #0x00	; 0
   0314 00                  829 	.db #0x00	; 0
   0315 00                  830 	.db #0x00	; 0
   0316 00                  831 	.db #0x00	; 0
   0317 00                  832 	.db #0x00	; 0
   0318 FF                  833 	.db #0xff	; 255
   0319 FF                  834 	.db #0xff	; 255
   031A 00                  835 	.db #0x00	; 0
   031B 00                  836 	.db #0x00	; 0
   031C FF                  837 	.db #0xff	; 255
   031D 00                  838 	.db #0x00	; 0
   031E FF                  839 	.db #0xff	; 255
   031F FF                  840 	.db #0xff	; 255
   0320 FF                  841 	.db #0xff	; 255
   0321 FF                  842 	.db #0xff	; 255
   0322 80                  843 	.db #0x80	; 128
   0323 80                  844 	.db #0x80	; 128
   0324 A0                  845 	.db #0xa0	; 160
   0325 BF                  846 	.db #0xbf	; 191
   0326 BF                  847 	.db #0xbf	; 191
   0327 A0                  848 	.db #0xa0	; 160
   0328 BF                  849 	.db #0xbf	; 191
   0329 A0                  850 	.db #0xa0	; 160
   032A BF                  851 	.db #0xbf	; 191
   032B A0                  852 	.db #0xa0	; 160
   032C A0                  853 	.db #0xa0	; 160
   032D BF                  854 	.db #0xbf	; 191
   032E A0                  855 	.db #0xa0	; 160
   032F BF                  856 	.db #0xbf	; 191
   0330 80                  857 	.db #0x80	; 128
   0331 80                  858 	.db #0x80	; 128
   0332 BD                  859 	.db #0xbd	; 189
   0333 BD                  860 	.db #0xbd	; 189
   0334 A0                  861 	.db #0xa0	; 160
   0335 BC                  862 	.db #0xbc	; 188
   0336 A0                  863 	.db #0xa0	; 160
   0337 BF                  864 	.db #0xbf	; 191
   0338 A0                  865 	.db #0xa0	; 160
   0339 BF                  866 	.db #0xbf	; 191
   033A BF                  867 	.db #0xbf	; 191
   033B BF                  868 	.db #0xbf	; 191
   033C 80                  869 	.db #0x80	; 128
   033D 80                  870 	.db #0x80	; 128
   033E FF                  871 	.db #0xff	; 255
   033F FF                  872 	.db #0xff	; 255
   0340 FF                  873 	.db #0xff	; 255
   0341 FF                  874 	.db #0xff	; 255
   0342 01                  875 	.db #0x01	; 1
   0343 01                  876 	.db #0x01	; 1
   0344 05                  877 	.db #0x05	; 5
   0345 FD                  878 	.db #0xfd	; 253
   0346 FD                  879 	.db #0xfd	; 253
   0347 05                  880 	.db #0x05	; 5
   0348 FD                  881 	.db #0xfd	; 253
   0349 05                  882 	.db #0x05	; 5
   034A FD                  883 	.db #0xfd	; 253
   034B 05                  884 	.db #0x05	; 5
   034C 05                  885 	.db #0x05	; 5
   034D FD                  886 	.db #0xfd	; 253
   034E 05                  887 	.db #0x05	; 5
   034F FD                  888 	.db #0xfd	; 253
   0350 01                  889 	.db #0x01	; 1
   0351 01                  890 	.db #0x01	; 1
   0352 BD                  891 	.db #0xbd	; 189
   0353 BD                  892 	.db #0xbd	; 189
   0354 05                  893 	.db #0x05	; 5
   0355 3D                  894 	.db #0x3d	; 61
   0356 05                  895 	.db #0x05	; 5
   0357 FD                  896 	.db #0xfd	; 253
   0358 05                  897 	.db #0x05	; 5
   0359 FD                  898 	.db #0xfd	; 253
   035A FD                  899 	.db #0xfd	; 253
   035B FD                  900 	.db #0xfd	; 253
   035C 01                  901 	.db #0x01	; 1
   035D 01                  902 	.db #0x01	; 1
   035E FF                  903 	.db #0xff	; 255
   035F FF                  904 	.db #0xff	; 255
   0360 FF                  905 	.db #0xff	; 255
   0361 FF                  906 	.db #0xff	; 255
   0362 FF                  907 	.db #0xff	; 255
   0363 80                  908 	.db #0x80	; 128
   0364 D0                  909 	.db #0xd0	; 208
   0365 9F                  910 	.db #0x9f	; 159
   0366 D0                  911 	.db #0xd0	; 208
   0367 9F                  912 	.db #0x9f	; 159
   0368 E8                  913 	.db #0xe8	; 232
   0369 CF                  914 	.db #0xcf	; 207
   036A E8                  915 	.db #0xe8	; 232
   036B CC                  916 	.db #0xcc	; 204
   036C E1                  917 	.db #0xe1	; 225
   036D C1                  918 	.db #0xc1	; 193
   036E EF                  919 	.db #0xef	; 239
   036F CF                  920 	.db #0xcf	; 207
   0370 EF                  921 	.db #0xef	; 239
   0371 CF                  922 	.db #0xcf	; 207
   0372 E1                  923 	.db #0xe1	; 225
   0373 C1                  924 	.db #0xc1	; 193
   0374 E8                  925 	.db #0xe8	; 232
   0375 CC                  926 	.db #0xcc	; 204
   0376 E8                  927 	.db #0xe8	; 232
   0377 CF                  928 	.db #0xcf	; 207
   0378 D0                  929 	.db #0xd0	; 208
   0379 9F                  930 	.db #0x9f	; 159
   037A D0                  931 	.db #0xd0	; 208
   037B 9F                  932 	.db #0x9f	; 159
   037C FF                  933 	.db #0xff	; 255
   037D 80                  934 	.db #0x80	; 128
   037E FF                  935 	.db #0xff	; 255
   037F FF                  936 	.db #0xff	; 255
   0380 FF                  937 	.db #0xff	; 255
   0381 FF                  938 	.db #0xff	; 255
   0382 FD                  939 	.db #0xfd	; 253
   0383 01                  940 	.db #0x01	; 1
   0384 0D                  941 	.db #0x0d	; 13
   0385 F1                  942 	.db #0xf1	; 241
   0386 05                  943 	.db #0x05	; 5
   0387 F9                  944 	.db #0xf9	; 249
   0388 05                  945 	.db #0x05	; 5
   0389 F9                  946 	.db #0xf9	; 249
   038A 05                  947 	.db #0x05	; 5
   038B 79                  948 	.db #0x79	; 121	'y'
   038C 85                  949 	.db #0x85	; 133
   038D B9                  950 	.db #0xb9	; 185
   038E 85                  951 	.db #0x85	; 133
   038F B9                  952 	.db #0xb9	; 185
   0390 85                  953 	.db #0x85	; 133
   0391 B9                  954 	.db #0xb9	; 185
   0392 85                  955 	.db #0x85	; 133
   0393 B9                  956 	.db #0xb9	; 185
   0394 05                  957 	.db #0x05	; 5
   0395 79                  958 	.db #0x79	; 121	'y'
   0396 05                  959 	.db #0x05	; 5
   0397 F9                  960 	.db #0xf9	; 249
   0398 05                  961 	.db #0x05	; 5
   0399 F9                  962 	.db #0xf9	; 249
   039A 0D                  963 	.db #0x0d	; 13
   039B F1                  964 	.db #0xf1	; 241
   039C FD                  965 	.db #0xfd	; 253
   039D 01                  966 	.db #0x01	; 1
   039E FF                  967 	.db #0xff	; 255
   039F FF                  968 	.db #0xff	; 255
   03A0 00                  969 	.db #0x00	; 0
   03A1 00                  970 	.db #0x00	; 0
   03A2 3C                  971 	.db #0x3c	; 60
   03A3 3C                  972 	.db #0x3c	; 60
   03A4 42                  973 	.db #0x42	; 66	'B'
   03A5 42                  974 	.db #0x42	; 66	'B'
   03A6 42                  975 	.db #0x42	; 66	'B'
   03A7 42                  976 	.db #0x42	; 66	'B'
   03A8 7E                  977 	.db #0x7e	; 126
   03A9 7E                  978 	.db #0x7e	; 126
   03AA 42                  979 	.db #0x42	; 66	'B'
   03AB 42                  980 	.db #0x42	; 66	'B'
   03AC 42                  981 	.db #0x42	; 66	'B'
   03AD 42                  982 	.db #0x42	; 66	'B'
   03AE 00                  983 	.db #0x00	; 0
   03AF 00                  984 	.db #0x00	; 0
   03B0 00                  985 	.db #0x00	; 0
   03B1 00                  986 	.db #0x00	; 0
   03B2 7C                  987 	.db #0x7c	; 124
   03B3 7C                  988 	.db #0x7c	; 124
   03B4 42                  989 	.db #0x42	; 66	'B'
   03B5 42                  990 	.db #0x42	; 66	'B'
   03B6 7C                  991 	.db #0x7c	; 124
   03B7 7C                  992 	.db #0x7c	; 124
   03B8 42                  993 	.db #0x42	; 66	'B'
   03B9 42                  994 	.db #0x42	; 66	'B'
   03BA 42                  995 	.db #0x42	; 66	'B'
   03BB 42                  996 	.db #0x42	; 66	'B'
   03BC 7C                  997 	.db #0x7c	; 124
   03BD 7C                  998 	.db #0x7c	; 124
   03BE 00                  999 	.db #0x00	; 0
   03BF 00                 1000 	.db #0x00	; 0
   03C0 00                 1001 	.db #0x00	; 0
   03C1 00                 1002 	.db #0x00	; 0
   03C2 3C                 1003 	.db #0x3c	; 60
   03C3 3C                 1004 	.db #0x3c	; 60
   03C4 42                 1005 	.db #0x42	; 66	'B'
   03C5 42                 1006 	.db #0x42	; 66	'B'
   03C6 40                 1007 	.db #0x40	; 64
   03C7 40                 1008 	.db #0x40	; 64
   03C8 40                 1009 	.db #0x40	; 64
   03C9 40                 1010 	.db #0x40	; 64
   03CA 42                 1011 	.db #0x42	; 66	'B'
   03CB 42                 1012 	.db #0x42	; 66	'B'
   03CC 3C                 1013 	.db #0x3c	; 60
   03CD 3C                 1014 	.db #0x3c	; 60
   03CE 00                 1015 	.db #0x00	; 0
   03CF 00                 1016 	.db #0x00	; 0
   03D0 00                 1017 	.db #0x00	; 0
   03D1 00                 1018 	.db #0x00	; 0
   03D2 78                 1019 	.db #0x78	; 120	'x'
   03D3 78                 1020 	.db #0x78	; 120	'x'
   03D4 44                 1021 	.db #0x44	; 68	'D'
   03D5 44                 1022 	.db #0x44	; 68	'D'
   03D6 42                 1023 	.db #0x42	; 66	'B'
   03D7 42                 1024 	.db #0x42	; 66	'B'
   03D8 42                 1025 	.db #0x42	; 66	'B'
   03D9 42                 1026 	.db #0x42	; 66	'B'
   03DA 44                 1027 	.db #0x44	; 68	'D'
   03DB 44                 1028 	.db #0x44	; 68	'D'
   03DC 78                 1029 	.db #0x78	; 120	'x'
   03DD 78                 1030 	.db #0x78	; 120	'x'
   03DE 00                 1031 	.db #0x00	; 0
   03DF 00                 1032 	.db #0x00	; 0
   03E0 00                 1033 	.db #0x00	; 0
   03E1 00                 1034 	.db #0x00	; 0
   03E2 7E                 1035 	.db #0x7e	; 126
   03E3 7E                 1036 	.db #0x7e	; 126
   03E4 40                 1037 	.db #0x40	; 64
   03E5 40                 1038 	.db #0x40	; 64
   03E6 7C                 1039 	.db #0x7c	; 124
   03E7 7C                 1040 	.db #0x7c	; 124
   03E8 40                 1041 	.db #0x40	; 64
   03E9 40                 1042 	.db #0x40	; 64
   03EA 40                 1043 	.db #0x40	; 64
   03EB 40                 1044 	.db #0x40	; 64
   03EC 7E                 1045 	.db #0x7e	; 126
   03ED 7E                 1046 	.db #0x7e	; 126
   03EE 00                 1047 	.db #0x00	; 0
   03EF 00                 1048 	.db #0x00	; 0
   03F0 00                 1049 	.db #0x00	; 0
   03F1 00                 1050 	.db #0x00	; 0
   03F2 7E                 1051 	.db #0x7e	; 126
   03F3 7E                 1052 	.db #0x7e	; 126
   03F4 40                 1053 	.db #0x40	; 64
   03F5 40                 1054 	.db #0x40	; 64
   03F6 7C                 1055 	.db #0x7c	; 124
   03F7 7C                 1056 	.db #0x7c	; 124
   03F8 40                 1057 	.db #0x40	; 64
   03F9 40                 1058 	.db #0x40	; 64
   03FA 40                 1059 	.db #0x40	; 64
   03FB 40                 1060 	.db #0x40	; 64
   03FC 40                 1061 	.db #0x40	; 64
   03FD 40                 1062 	.db #0x40	; 64
   03FE 00                 1063 	.db #0x00	; 0
   03FF 00                 1064 	.db #0x00	; 0
   0400 00                 1065 	.db #0x00	; 0
   0401 00                 1066 	.db #0x00	; 0
   0402 3C                 1067 	.db #0x3c	; 60
   0403 3C                 1068 	.db #0x3c	; 60
   0404 42                 1069 	.db #0x42	; 66	'B'
   0405 42                 1070 	.db #0x42	; 66	'B'
   0406 40                 1071 	.db #0x40	; 64
   0407 40                 1072 	.db #0x40	; 64
   0408 4E                 1073 	.db #0x4e	; 78	'N'
   0409 4E                 1074 	.db #0x4e	; 78	'N'
   040A 42                 1075 	.db #0x42	; 66	'B'
   040B 42                 1076 	.db #0x42	; 66	'B'
   040C 3C                 1077 	.db #0x3c	; 60
   040D 3C                 1078 	.db #0x3c	; 60
   040E 00                 1079 	.db #0x00	; 0
   040F 00                 1080 	.db #0x00	; 0
   0410 00                 1081 	.db #0x00	; 0
   0411 00                 1082 	.db #0x00	; 0
   0412 42                 1083 	.db #0x42	; 66	'B'
   0413 42                 1084 	.db #0x42	; 66	'B'
   0414 42                 1085 	.db #0x42	; 66	'B'
   0415 42                 1086 	.db #0x42	; 66	'B'
   0416 7E                 1087 	.db #0x7e	; 126
   0417 7E                 1088 	.db #0x7e	; 126
   0418 42                 1089 	.db #0x42	; 66	'B'
   0419 42                 1090 	.db #0x42	; 66	'B'
   041A 42                 1091 	.db #0x42	; 66	'B'
   041B 42                 1092 	.db #0x42	; 66	'B'
   041C 42                 1093 	.db #0x42	; 66	'B'
   041D 42                 1094 	.db #0x42	; 66	'B'
   041E 00                 1095 	.db #0x00	; 0
   041F 00                 1096 	.db #0x00	; 0
   0420 00                 1097 	.db #0x00	; 0
   0421 00                 1098 	.db #0x00	; 0
   0422 3E                 1099 	.db #0x3e	; 62
   0423 3E                 1100 	.db #0x3e	; 62
   0424 08                 1101 	.db #0x08	; 8
   0425 08                 1102 	.db #0x08	; 8
   0426 08                 1103 	.db #0x08	; 8
   0427 08                 1104 	.db #0x08	; 8
   0428 08                 1105 	.db #0x08	; 8
   0429 08                 1106 	.db #0x08	; 8
   042A 08                 1107 	.db #0x08	; 8
   042B 08                 1108 	.db #0x08	; 8
   042C 3E                 1109 	.db #0x3e	; 62
   042D 3E                 1110 	.db #0x3e	; 62
   042E 00                 1111 	.db #0x00	; 0
   042F 00                 1112 	.db #0x00	; 0
   0430 00                 1113 	.db #0x00	; 0
   0431 00                 1114 	.db #0x00	; 0
   0432 02                 1115 	.db #0x02	; 2
   0433 02                 1116 	.db #0x02	; 2
   0434 02                 1117 	.db #0x02	; 2
   0435 02                 1118 	.db #0x02	; 2
   0436 02                 1119 	.db #0x02	; 2
   0437 02                 1120 	.db #0x02	; 2
   0438 42                 1121 	.db #0x42	; 66	'B'
   0439 42                 1122 	.db #0x42	; 66	'B'
   043A 42                 1123 	.db #0x42	; 66	'B'
   043B 42                 1124 	.db #0x42	; 66	'B'
   043C 3C                 1125 	.db #0x3c	; 60
   043D 3C                 1126 	.db #0x3c	; 60
   043E 00                 1127 	.db #0x00	; 0
   043F 00                 1128 	.db #0x00	; 0
   0440 00                 1129 	.db #0x00	; 0
   0441 00                 1130 	.db #0x00	; 0
   0442 44                 1131 	.db #0x44	; 68	'D'
   0443 44                 1132 	.db #0x44	; 68	'D'
   0444 48                 1133 	.db #0x48	; 72	'H'
   0445 48                 1134 	.db #0x48	; 72	'H'
   0446 70                 1135 	.db #0x70	; 112	'p'
   0447 70                 1136 	.db #0x70	; 112	'p'
   0448 48                 1137 	.db #0x48	; 72	'H'
   0449 48                 1138 	.db #0x48	; 72	'H'
   044A 44                 1139 	.db #0x44	; 68	'D'
   044B 44                 1140 	.db #0x44	; 68	'D'
   044C 42                 1141 	.db #0x42	; 66	'B'
   044D 42                 1142 	.db #0x42	; 66	'B'
   044E 00                 1143 	.db #0x00	; 0
   044F 00                 1144 	.db #0x00	; 0
   0450 00                 1145 	.db #0x00	; 0
   0451 00                 1146 	.db #0x00	; 0
   0452 40                 1147 	.db #0x40	; 64
   0453 40                 1148 	.db #0x40	; 64
   0454 40                 1149 	.db #0x40	; 64
   0455 40                 1150 	.db #0x40	; 64
   0456 40                 1151 	.db #0x40	; 64
   0457 40                 1152 	.db #0x40	; 64
   0458 40                 1153 	.db #0x40	; 64
   0459 40                 1154 	.db #0x40	; 64
   045A 40                 1155 	.db #0x40	; 64
   045B 40                 1156 	.db #0x40	; 64
   045C 7E                 1157 	.db #0x7e	; 126
   045D 7E                 1158 	.db #0x7e	; 126
   045E 00                 1159 	.db #0x00	; 0
   045F 00                 1160 	.db #0x00	; 0
   0460 00                 1161 	.db #0x00	; 0
   0461 00                 1162 	.db #0x00	; 0
   0462 42                 1163 	.db #0x42	; 66	'B'
   0463 42                 1164 	.db #0x42	; 66	'B'
   0464 66                 1165 	.db #0x66	; 102	'f'
   0465 66                 1166 	.db #0x66	; 102	'f'
   0466 5A                 1167 	.db #0x5a	; 90	'Z'
   0467 5A                 1168 	.db #0x5a	; 90	'Z'
   0468 42                 1169 	.db #0x42	; 66	'B'
   0469 42                 1170 	.db #0x42	; 66	'B'
   046A 42                 1171 	.db #0x42	; 66	'B'
   046B 42                 1172 	.db #0x42	; 66	'B'
   046C 42                 1173 	.db #0x42	; 66	'B'
   046D 42                 1174 	.db #0x42	; 66	'B'
   046E 00                 1175 	.db #0x00	; 0
   046F 00                 1176 	.db #0x00	; 0
   0470 00                 1177 	.db #0x00	; 0
   0471 00                 1178 	.db #0x00	; 0
   0472 42                 1179 	.db #0x42	; 66	'B'
   0473 42                 1180 	.db #0x42	; 66	'B'
   0474 62                 1181 	.db #0x62	; 98	'b'
   0475 62                 1182 	.db #0x62	; 98	'b'
   0476 52                 1183 	.db #0x52	; 82	'R'
   0477 52                 1184 	.db #0x52	; 82	'R'
   0478 4A                 1185 	.db #0x4a	; 74	'J'
   0479 4A                 1186 	.db #0x4a	; 74	'J'
   047A 46                 1187 	.db #0x46	; 70	'F'
   047B 46                 1188 	.db #0x46	; 70	'F'
   047C 42                 1189 	.db #0x42	; 66	'B'
   047D 42                 1190 	.db #0x42	; 66	'B'
   047E 00                 1191 	.db #0x00	; 0
   047F 00                 1192 	.db #0x00	; 0
   0480 00                 1193 	.db #0x00	; 0
   0481 00                 1194 	.db #0x00	; 0
   0482 3C                 1195 	.db #0x3c	; 60
   0483 3C                 1196 	.db #0x3c	; 60
   0484 42                 1197 	.db #0x42	; 66	'B'
   0485 42                 1198 	.db #0x42	; 66	'B'
   0486 42                 1199 	.db #0x42	; 66	'B'
   0487 42                 1200 	.db #0x42	; 66	'B'
   0488 42                 1201 	.db #0x42	; 66	'B'
   0489 42                 1202 	.db #0x42	; 66	'B'
   048A 42                 1203 	.db #0x42	; 66	'B'
   048B 42                 1204 	.db #0x42	; 66	'B'
   048C 3C                 1205 	.db #0x3c	; 60
   048D 3C                 1206 	.db #0x3c	; 60
   048E 00                 1207 	.db #0x00	; 0
   048F 00                 1208 	.db #0x00	; 0
   0490 00                 1209 	.db #0x00	; 0
   0491 00                 1210 	.db #0x00	; 0
   0492 7C                 1211 	.db #0x7c	; 124
   0493 7C                 1212 	.db #0x7c	; 124
   0494 42                 1213 	.db #0x42	; 66	'B'
   0495 42                 1214 	.db #0x42	; 66	'B'
   0496 42                 1215 	.db #0x42	; 66	'B'
   0497 42                 1216 	.db #0x42	; 66	'B'
   0498 7C                 1217 	.db #0x7c	; 124
   0499 7C                 1218 	.db #0x7c	; 124
   049A 40                 1219 	.db #0x40	; 64
   049B 40                 1220 	.db #0x40	; 64
   049C 40                 1221 	.db #0x40	; 64
   049D 40                 1222 	.db #0x40	; 64
   049E 00                 1223 	.db #0x00	; 0
   049F 00                 1224 	.db #0x00	; 0
   04A0 00                 1225 	.db #0x00	; 0
   04A1 00                 1226 	.db #0x00	; 0
   04A2 3C                 1227 	.db #0x3c	; 60
   04A3 3C                 1228 	.db #0x3c	; 60
   04A4 42                 1229 	.db #0x42	; 66	'B'
   04A5 42                 1230 	.db #0x42	; 66	'B'
   04A6 42                 1231 	.db #0x42	; 66	'B'
   04A7 42                 1232 	.db #0x42	; 66	'B'
   04A8 52                 1233 	.db #0x52	; 82	'R'
   04A9 52                 1234 	.db #0x52	; 82	'R'
   04AA 4A                 1235 	.db #0x4a	; 74	'J'
   04AB 4A                 1236 	.db #0x4a	; 74	'J'
   04AC 3C                 1237 	.db #0x3c	; 60
   04AD 3C                 1238 	.db #0x3c	; 60
   04AE 00                 1239 	.db #0x00	; 0
   04AF 00                 1240 	.db #0x00	; 0
   04B0 00                 1241 	.db #0x00	; 0
   04B1 00                 1242 	.db #0x00	; 0
   04B2 7C                 1243 	.db #0x7c	; 124
   04B3 7C                 1244 	.db #0x7c	; 124
   04B4 42                 1245 	.db #0x42	; 66	'B'
   04B5 42                 1246 	.db #0x42	; 66	'B'
   04B6 42                 1247 	.db #0x42	; 66	'B'
   04B7 42                 1248 	.db #0x42	; 66	'B'
   04B8 7C                 1249 	.db #0x7c	; 124
   04B9 7C                 1250 	.db #0x7c	; 124
   04BA 44                 1251 	.db #0x44	; 68	'D'
   04BB 44                 1252 	.db #0x44	; 68	'D'
   04BC 42                 1253 	.db #0x42	; 66	'B'
   04BD 42                 1254 	.db #0x42	; 66	'B'
   04BE 00                 1255 	.db #0x00	; 0
   04BF 00                 1256 	.db #0x00	; 0
   04C0 00                 1257 	.db #0x00	; 0
   04C1 00                 1258 	.db #0x00	; 0
   04C2 3C                 1259 	.db #0x3c	; 60
   04C3 3C                 1260 	.db #0x3c	; 60
   04C4 40                 1261 	.db #0x40	; 64
   04C5 40                 1262 	.db #0x40	; 64
   04C6 3C                 1263 	.db #0x3c	; 60
   04C7 3C                 1264 	.db #0x3c	; 60
   04C8 02                 1265 	.db #0x02	; 2
   04C9 02                 1266 	.db #0x02	; 2
   04CA 42                 1267 	.db #0x42	; 66	'B'
   04CB 42                 1268 	.db #0x42	; 66	'B'
   04CC 3C                 1269 	.db #0x3c	; 60
   04CD 3C                 1270 	.db #0x3c	; 60
   04CE 00                 1271 	.db #0x00	; 0
   04CF 00                 1272 	.db #0x00	; 0
   04D0 00                 1273 	.db #0x00	; 0
   04D1 00                 1274 	.db #0x00	; 0
   04D2 7C                 1275 	.db #0x7c	; 124
   04D3 7C                 1276 	.db #0x7c	; 124
   04D4 10                 1277 	.db #0x10	; 16
   04D5 10                 1278 	.db #0x10	; 16
   04D6 10                 1279 	.db #0x10	; 16
   04D7 10                 1280 	.db #0x10	; 16
   04D8 10                 1281 	.db #0x10	; 16
   04D9 10                 1282 	.db #0x10	; 16
   04DA 10                 1283 	.db #0x10	; 16
   04DB 10                 1284 	.db #0x10	; 16
   04DC 10                 1285 	.db #0x10	; 16
   04DD 10                 1286 	.db #0x10	; 16
   04DE 00                 1287 	.db #0x00	; 0
   04DF 00                 1288 	.db #0x00	; 0
   04E0 00                 1289 	.db #0x00	; 0
   04E1 00                 1290 	.db #0x00	; 0
   04E2 42                 1291 	.db #0x42	; 66	'B'
   04E3 42                 1292 	.db #0x42	; 66	'B'
   04E4 42                 1293 	.db #0x42	; 66	'B'
   04E5 42                 1294 	.db #0x42	; 66	'B'
   04E6 42                 1295 	.db #0x42	; 66	'B'
   04E7 42                 1296 	.db #0x42	; 66	'B'
   04E8 42                 1297 	.db #0x42	; 66	'B'
   04E9 42                 1298 	.db #0x42	; 66	'B'
   04EA 42                 1299 	.db #0x42	; 66	'B'
   04EB 42                 1300 	.db #0x42	; 66	'B'
   04EC 3C                 1301 	.db #0x3c	; 60
   04ED 3C                 1302 	.db #0x3c	; 60
   04EE 00                 1303 	.db #0x00	; 0
   04EF 00                 1304 	.db #0x00	; 0
   04F0 00                 1305 	.db #0x00	; 0
   04F1 00                 1306 	.db #0x00	; 0
   04F2 42                 1307 	.db #0x42	; 66	'B'
   04F3 42                 1308 	.db #0x42	; 66	'B'
   04F4 42                 1309 	.db #0x42	; 66	'B'
   04F5 42                 1310 	.db #0x42	; 66	'B'
   04F6 42                 1311 	.db #0x42	; 66	'B'
   04F7 42                 1312 	.db #0x42	; 66	'B'
   04F8 42                 1313 	.db #0x42	; 66	'B'
   04F9 42                 1314 	.db #0x42	; 66	'B'
   04FA 24                 1315 	.db #0x24	; 36
   04FB 24                 1316 	.db #0x24	; 36
   04FC 18                 1317 	.db #0x18	; 24
   04FD 18                 1318 	.db #0x18	; 24
   04FE 00                 1319 	.db #0x00	; 0
   04FF 00                 1320 	.db #0x00	; 0
   0500 00                 1321 	.db #0x00	; 0
   0501 00                 1322 	.db #0x00	; 0
   0502 42                 1323 	.db #0x42	; 66	'B'
   0503 42                 1324 	.db #0x42	; 66	'B'
   0504 42                 1325 	.db #0x42	; 66	'B'
   0505 42                 1326 	.db #0x42	; 66	'B'
   0506 42                 1327 	.db #0x42	; 66	'B'
   0507 42                 1328 	.db #0x42	; 66	'B'
   0508 42                 1329 	.db #0x42	; 66	'B'
   0509 42                 1330 	.db #0x42	; 66	'B'
   050A 5A                 1331 	.db #0x5a	; 90	'Z'
   050B 5A                 1332 	.db #0x5a	; 90	'Z'
   050C 24                 1333 	.db #0x24	; 36
   050D 24                 1334 	.db #0x24	; 36
   050E 00                 1335 	.db #0x00	; 0
   050F 00                 1336 	.db #0x00	; 0
   0510 00                 1337 	.db #0x00	; 0
   0511 00                 1338 	.db #0x00	; 0
   0512 42                 1339 	.db #0x42	; 66	'B'
   0513 42                 1340 	.db #0x42	; 66	'B'
   0514 24                 1341 	.db #0x24	; 36
   0515 24                 1342 	.db #0x24	; 36
   0516 18                 1343 	.db #0x18	; 24
   0517 18                 1344 	.db #0x18	; 24
   0518 18                 1345 	.db #0x18	; 24
   0519 18                 1346 	.db #0x18	; 24
   051A 24                 1347 	.db #0x24	; 36
   051B 24                 1348 	.db #0x24	; 36
   051C 42                 1349 	.db #0x42	; 66	'B'
   051D 42                 1350 	.db #0x42	; 66	'B'
   051E 00                 1351 	.db #0x00	; 0
   051F 00                 1352 	.db #0x00	; 0
   0520 00                 1353 	.db #0x00	; 0
   0521 00                 1354 	.db #0x00	; 0
   0522 82                 1355 	.db #0x82	; 130
   0523 82                 1356 	.db #0x82	; 130
   0524 44                 1357 	.db #0x44	; 68	'D'
   0525 44                 1358 	.db #0x44	; 68	'D'
   0526 28                 1359 	.db #0x28	; 40
   0527 28                 1360 	.db #0x28	; 40
   0528 10                 1361 	.db #0x10	; 16
   0529 10                 1362 	.db #0x10	; 16
   052A 10                 1363 	.db #0x10	; 16
   052B 10                 1364 	.db #0x10	; 16
   052C 10                 1365 	.db #0x10	; 16
   052D 10                 1366 	.db #0x10	; 16
   052E 00                 1367 	.db #0x00	; 0
   052F 00                 1368 	.db #0x00	; 0
   0530 00                 1369 	.db #0x00	; 0
   0531 00                 1370 	.db #0x00	; 0
   0532 7E                 1371 	.db #0x7e	; 126
   0533 7E                 1372 	.db #0x7e	; 126
   0534 04                 1373 	.db #0x04	; 4
   0535 04                 1374 	.db #0x04	; 4
   0536 08                 1375 	.db #0x08	; 8
   0537 08                 1376 	.db #0x08	; 8
   0538 10                 1377 	.db #0x10	; 16
   0539 10                 1378 	.db #0x10	; 16
   053A 20                 1379 	.db #0x20	; 32
   053B 20                 1380 	.db #0x20	; 32
   053C 7E                 1381 	.db #0x7e	; 126
   053D 7E                 1382 	.db #0x7e	; 126
   053E 00                 1383 	.db #0x00	; 0
   053F 00                 1384 	.db #0x00	; 0
   0540 00                 1385 	.db #0x00	; 0
   0541 00                 1386 	.db #0x00	; 0
   0542 10                 1387 	.db #0x10	; 16
   0543 10                 1388 	.db #0x10	; 16
   0544 10                 1389 	.db #0x10	; 16
   0545 10                 1390 	.db #0x10	; 16
   0546 10                 1391 	.db #0x10	; 16
   0547 10                 1392 	.db #0x10	; 16
   0548 10                 1393 	.db #0x10	; 16
   0549 10                 1394 	.db #0x10	; 16
   054A 00                 1395 	.db #0x00	; 0
   054B 00                 1396 	.db #0x00	; 0
   054C 10                 1397 	.db #0x10	; 16
   054D 10                 1398 	.db #0x10	; 16
   054E 00                 1399 	.db #0x00	; 0
   054F 00                 1400 	.db #0x00	; 0
                           1401 	.area _CABS (ABS)
